[19:37:53] ==================================================
[19:37:53] HOP-only refresh (re-pull trials for HJ tests)
[19:37:53] ==================================================
[19:37:53] Authenticating with VALD...
[19:37:54] Authenticated! Token valid for 24h.
[19:37:54] Fetching profiles...
[19:37:54] Total profiles: 302
[19:37:54] Fetching groups...
[19:37:54] Total groups: 6 (College, Female Athletes, High School, Middle School, Pro, Staff)
[19:37:54] Fetching group memberships...
[19:37:55]   College: 79 members
[19:37:55]   Female Athletes: 20 members
[19:37:55]   High School: 152 members
[19:37:55]   Middle School: 39 members
[19:37:55]   Pro: 8 members
[19:37:56]   Staff: 19 members
[19:37:56] Fetching tests (modified from 2020-01-01)...
[19:37:56]   Tests page 1: 50 (total: 50, through 2025-08-01)
[19:37:57]   Tests page 2: 50 (total: 100, through 2025-08-04)
[19:37:58]   Tests page 3: 50 (total: 150, through 2025-08-04)
[19:37:58]   Tests page 4: 50 (total: 200, through 2025-08-05)
[19:37:59]   Tests page 5: 50 (total: 250, through 2025-08-05)
[19:37:59]   Tests page 6: 50 (total: 300, through 2025-08-06)
[19:38:00]   Tests page 7: 50 (total: 350, through 2025-08-06)
[19:38:00]   Tests page 8: 50 (total: 400, through 2025-08-07)
[19:38:00]   Tests page 9: 50 (total: 450, through 2025-08-08)
[19:38:00]   Tests page 10: 50 (total: 500, through 2025-08-08)
[19:38:01]   Tests page 11: 50 (total: 550, through 2025-08-09)
[19:38:01]   Tests page 12: 50 (total: 600, through 2025-08-11)
[19:38:01]   Tests page 13: 50 (total: 650, through 2025-08-11)
[19:38:01]   Tests page 14: 50 (total: 700, through 2025-08-12)
[19:38:02]   Tests page 15: 50 (total: 750, through 2025-08-13)
[19:38:02]   Tests page 16: 50 (total: 800, through 2025-08-14)
[19:38:02]   Tests page 17: 50 (total: 850, through 2025-08-15)
[19:38:02]   Tests page 18: 50 (total: 900, through 2025-08-18)
[19:38:03]   Tests page 19: 50 (total: 950, through 2025-08-19)
[19:38:03]   Tests page 20: 50 (total: 1000, through 2025-08-20)
[19:38:03]   Tests page 21: 50 (total: 1050, through 2025-08-20)
[19:38:03]   Tests page 22: 50 (total: 1100, through 2025-08-22)
[19:38:04]   Tests page 23: 50 (total: 1150, through 2025-08-23)
[19:38:04]   Tests page 24: 50 (total: 1200, through 2025-08-25)
[19:38:04]   Tests page 25: 50 (total: 1250, through 2025-08-26)
[19:38:04]   Tests page 26: 50 (total: 1300, through 2025-08-28)
[19:38:05]   Tests page 27: 50 (total: 1350, through 2025-08-29)
[19:38:05]   Tests page 28: 50 (total: 1400, through 2025-08-30)
[19:38:05]   Tests page 29: 50 (total: 1450, through 2025-09-02)
[19:38:05]   Tests page 30: 50 (total: 1500, through 2025-09-04)
[19:38:06]   Tests page 31: 50 (total: 1550, through 2025-09-05)
[19:38:06]   Tests page 32: 50 (total: 1600, through 2025-09-06)
[19:38:07]   Tests page 33: 50 (total: 1650, through 2025-09-08)
[19:38:07]   Tests page 34: 50 (total: 1700, through 2025-09-09)
[19:38:07]   Tests page 35: 50 (total: 1750, through 2025-09-10)
[19:38:07]   Tests page 36: 50 (total: 1800, through 2025-09-11)
[19:38:08]   Tests page 37: 50 (total: 1850, through 2025-09-12)
[19:38:08]   Tests page 38: 50 (total: 1900, through 2025-09-15)
[19:38:08]   Tests page 39: 50 (total: 1950, through 2025-09-15)
[19:38:08]   Tests page 40: 50 (total: 2000, through 2025-09-16)
[19:38:09]   Tests page 41: 50 (total: 2050, through 2025-09-18)
[19:38:09]   Tests page 42: 50 (total: 2100, through 2025-09-19)
[19:38:09]   Tests page 43: 50 (total: 2150, through 2025-09-22)
[19:38:09]   Tests page 44: 50 (total: 2200, through 2025-09-23)
[19:38:10]   Tests page 45: 50 (total: 2250, through 2025-09-24)
[19:38:10]   Tests page 46: 50 (total: 2300, through 2025-09-25)
[19:38:10]   Tests page 47: 50 (total: 2350, through 2025-09-26)
[19:38:10]   Tests page 48: 50 (total: 2400, through 2025-09-27)
[19:38:11]   Tests page 49: 50 (total: 2450, through 2025-09-29)
[19:38:11]   Tests page 50: 50 (total: 2500, through 2025-10-01)
[19:38:11]   Tests page 51: 50 (total: 2550, through 2025-10-02)
[19:38:12]   Tests page 52: 50 (total: 2600, through 2025-10-03)
[19:38:12]   Tests page 53: 50 (total: 2650, through 2025-10-06)
[19:38:12]   Tests page 54: 50 (total: 2700, through 2025-10-07)
[19:38:12]   Tests page 55: 50 (total: 2750, through 2025-10-08)
[19:38:13]   Tests page 56: 50 (total: 2800, through 2025-10-10)
[19:38:13]   Tests page 57: 50 (total: 2850, through 2025-10-11)
[19:38:13]   Tests page 58: 50 (total: 2900, through 2025-10-13)
[19:38:13]   Tests page 59: 50 (total: 2950, through 2025-10-14)
[19:38:14]   Tests page 60: 50 (total: 3000, through 2025-10-16)
[19:38:14]   Tests page 61: 50 (total: 3050, through 2025-10-16)
[19:38:14]   Tests page 62: 50 (total: 3100, through 2025-10-16)
[19:38:14]   Tests page 63: 50 (total: 3150, through 2025-10-17)
[19:38:15]   Tests page 64: 50 (total: 3200, through 2025-10-18)
[19:38:15]   Tests page 65: 50 (total: 3250, through 2025-10-20)
[19:38:15]   Tests page 66: 50 (total: 3300, through 2025-10-20)
[19:38:15]   Tests page 67: 50 (total: 3350, through 2025-10-21)
[19:38:16]   Tests page 68: 50 (total: 3400, through 2025-10-22)
[19:38:16]   Tests page 69: 50 (total: 3450, through 2025-10-22)
[19:38:16]   Tests page 70: 50 (total: 3500, through 2025-10-23)
[19:38:17]   Tests page 71: 50 (total: 3550, through 2025-10-24)
[19:38:17]   Tests page 72: 50 (total: 3600, through 2025-10-25)
[19:38:17]   Tests page 73: 50 (total: 3650, through 2025-10-27)
[19:38:18]   Tests page 74: 50 (total: 3700, through 2025-10-27)
[19:38:18]   Tests page 75: 50 (total: 3750, through 2025-10-28)
[19:38:18]   Tests page 76: 50 (total: 3800, through 2025-10-29)
[19:38:18]   Tests page 77: 50 (total: 3850, through 2025-10-29)
[19:38:19]   Tests page 78: 50 (total: 3900, through 2025-10-30)
[19:38:19]   Tests page 79: 50 (total: 3950, through 2025-10-30)
[19:38:19]   Tests page 80: 50 (total: 4000, through 2025-10-31)
[19:38:19]   Tests page 81: 50 (total: 4050, through 2025-11-01)
[19:38:20]   Tests page 82: 50 (total: 4100, through 2025-11-03)
[19:38:20]   Tests page 83: 50 (total: 4150, through 2025-11-03)
[19:38:20]   Tests page 84: 50 (total: 4200, through 2025-11-04)
[19:38:20]   Tests page 85: 50 (total: 4250, through 2025-11-05)
[19:38:21]   Tests page 86: 50 (total: 4300, through 2025-11-05)
[19:38:21]   Tests page 87: 50 (total: 4350, through 2025-11-06)
[19:38:21]   Tests page 88: 50 (total: 4400, through 2025-11-07)
[19:38:21]   Tests page 89: 50 (total: 4450, through 2025-11-07)
[19:38:22]   Tests page 90: 50 (total: 4500, through 2025-11-08)
[19:38:22]   Tests page 91: 50 (total: 4550, through 2025-11-10)
[19:38:22]   Tests page 92: 50 (total: 4600, through 2025-11-10)
[19:38:22]   Tests page 93: 50 (total: 4650, through 2025-11-11)
[19:38:23]   Tests page 94: 50 (total: 4700, through 2025-11-12)
[19:38:23]   Tests page 95: 50 (total: 4750, through 2025-11-12)
[19:38:23]   Tests page 96: 50 (total: 4800, through 2025-11-13)
[19:38:23]   Tests page 97: 50 (total: 4850, through 2025-11-13)
[19:38:24]   Tests page 98: 50 (total: 4900, through 2025-11-14)
[19:38:24]   Tests page 99: 50 (total: 4950, through 2025-11-14)
[19:38:24]   Tests page 100: 50 (total: 5000, through 2025-11-15)
[19:38:24]   Tests page 101: 50 (total: 5050, through 2025-11-17)
[19:38:25]   Tests page 102: 50 (total: 5100, through 2025-11-17)
[19:38:25]   Tests page 103: 50 (total: 5150, through 2025-11-18)
[19:38:25]   Tests page 104: 50 (total: 5200, through 2025-11-19)
[19:38:25]   Tests page 105: 50 (total: 5250, through 2025-11-19)
[19:38:26]   Tests page 106: 50 (total: 5300, through 2025-11-20)
[19:38:26]   Tests page 107: 50 (total: 5350, through 2025-11-20)
[19:38:26]   Tests page 108: 50 (total: 5400, through 2025-11-21)
[19:38:26]   Tests page 109: 50 (total: 5450, through 2025-11-21)
[19:38:27]   Tests page 110: 50 (total: 5500, through 2025-11-22)
[19:38:27]   Tests page 111: 50 (total: 5550, through 2025-11-24)
[19:38:27]   Tests page 112: 50 (total: 5600, through 2025-11-25)
[19:38:27]   Tests page 113: 50 (total: 5650, through 2025-11-25)
[19:38:28]   Tests page 114: 50 (total: 5700, through 2025-11-26)
[19:38:28]   Tests page 115: 50 (total: 5750, through 2025-11-27)
[19:38:28]   Tests page 116: 50 (total: 5800, through 2025-11-28)
[19:38:28]   Tests page 117: 50 (total: 5850, through 2025-11-29)
[19:38:29]   Tests page 118: 50 (total: 5900, through 2025-12-01)
[19:38:29]   Tests page 119: 50 (total: 5950, through 2025-12-02)
[19:38:29]   Tests page 120: 50 (total: 6000, through 2025-12-02)
[19:38:29]   Tests page 121: 50 (total: 6050, through 2025-12-03)
[19:38:30]   Tests page 122: 50 (total: 6100, through 2025-12-03)
[19:38:30]   Tests page 123: 50 (total: 6150, through 2025-12-04)
[19:38:31]   Tests page 124: 50 (total: 6200, through 2025-12-05)
[19:38:31]   Tests page 125: 50 (total: 6250, through 2025-12-05)
[19:38:31]   Tests page 126: 50 (total: 6300, through 2025-12-06)
[19:38:31]   Tests page 127: 50 (total: 6350, through 2025-12-08)
[19:38:31]   Tests page 128: 50 (total: 6400, through 2025-12-09)
[19:38:32]   Tests page 129: 50 (total: 6450, through 2025-12-09)
[19:38:32]   Tests page 130: 50 (total: 6500, through 2025-12-10)
[19:38:32]   Tests page 131: 50 (total: 6550, through 2025-12-10)
[19:38:32]   Tests page 132: 50 (total: 6600, through 2025-12-11)
[19:38:33]   Tests page 133: 50 (total: 6650, through 2025-12-12)
[19:38:33]   Tests page 134: 50 (total: 6700, through 2025-12-12)
[19:38:33]   Tests page 135: 50 (total: 6750, through 2025-12-12)
[19:38:33]   Tests page 136: 50 (total: 6800, through 2025-12-13)
[19:38:34]   Tests page 137: 50 (total: 6850, through 2025-12-15)
[19:38:34]   Tests page 138: 50 (total: 6900, through 2025-12-15)
[19:38:34]   Tests page 139: 50 (total: 6950, through 2025-12-16)
[19:38:34]   Tests page 140: 50 (total: 7000, through 2025-12-17)
[19:38:35]   Tests page 141: 50 (total: 7050, through 2025-12-17)
[19:38:35]   Tests page 142: 50 (total: 7100, through 2025-12-18)
[19:38:35]   Tests page 143: 50 (total: 7150, through 2025-12-18)
[19:38:36]   Tests page 144: 50 (total: 7200, through 2025-12-19)
[19:38:36]   Tests page 145: 50 (total: 7250, through 2025-12-19)
[19:38:36]   Tests page 146: 50 (total: 7300, through 2025-12-20)
[19:38:36]   Tests page 147: 50 (total: 7350, through 2025-12-22)
[19:38:36]   Tests page 148: 50 (total: 7400, through 2025-12-22)
[19:38:37]   Tests page 149: 50 (total: 7450, through 2025-12-23)
[19:38:37]   Tests page 150: 50 (total: 7500, through 2025-12-23)
[19:38:37]   Tests page 151: 50 (total: 7550, through 2025-12-24)
[19:38:37]   Tests page 152: 50 (total: 7600, through 2025-12-26)
[19:38:38]   Tests page 153: 50 (total: 7650, through 2025-12-29)
[19:38:38]   Tests page 154: 50 (total: 7700, through 2025-12-30)
[19:38:38]   Tests page 155: 50 (total: 7750, through 2025-12-30)
[19:38:38]   Tests page 156: 50 (total: 7800, through 2025-12-31)
[19:38:39]   Tests page 157: 50 (total: 7850, through 2026-01-02)
[19:38:39]   Tests page 158: 50 (total: 7900, through 2026-01-02)
[19:38:39]   Tests page 159: 50 (total: 7950, through 2026-01-03)
[19:38:39]   Tests page 160: 50 (total: 8000, through 2026-01-05)
[19:38:39]   Tests page 161: 50 (total: 8050, through 2026-01-05)
[19:38:40]   Tests page 162: 50 (total: 8100, through 2026-01-06)
[19:38:40]   Tests page 163: 50 (total: 8150, through 2026-01-06)
[19:38:40]   Tests page 164: 50 (total: 8200, through 2026-01-07)
[19:38:40]   Tests page 165: 50 (total: 8250, through 2026-01-07)
[19:38:41]   Tests page 166: 50 (total: 8300, through 2026-01-08)
[19:38:41]   Tests page 167: 50 (total: 8350, through 2026-01-09)
[19:38:41]   Tests page 168: 50 (total: 8400, through 2026-01-09)
[19:38:41]   Tests page 169: 50 (total: 8450, through 2026-01-09)
[19:38:42]   Tests page 170: 50 (total: 8500, through 2026-01-12)
[19:38:42]   Tests page 171: 50 (total: 8550, through 2026-01-12)
[19:38:42]   Tests page 172: 50 (total: 8600, through 2026-01-13)
[19:38:42]   Tests page 173: 50 (total: 8650, through 2026-01-13)
[19:38:42]   Tests page 174: 50 (total: 8700, through 2026-01-14)
[19:38:43]   Tests page 175: 50 (total: 8750, through 2026-01-15)
[19:38:43]   Tests page 176: 50 (total: 8800, through 2026-01-15)
[19:38:43]   Tests page 177: 50 (total: 8850, through 2026-01-16)
[19:38:43]   Tests page 178: 50 (total: 8900, through 2026-01-16)
[19:38:44]   Tests page 179: 50 (total: 8950, through 2026-01-17)
[19:38:44]   Tests page 180: 50 (total: 9000, through 2026-01-20)
[19:38:44]   Tests page 181: 50 (total: 9050, through 2026-01-20)
[19:38:44]   Tests page 182: 50 (total: 9100, through 2026-01-21)
[19:38:45]   Tests page 183: 50 (total: 9150, through 2026-01-21)
[19:38:45]   Tests page 184: 50 (total: 9200, through 2026-01-22)
[19:38:45]   Tests page 185: 50 (total: 9250, through 2026-01-23)
[19:38:45]   Tests page 186: 50 (total: 9300, through 2026-01-23)
[19:38:45]   Tests page 187: 50 (total: 9350, through 2026-01-27)
[19:38:46]   Tests page 188: 50 (total: 9400, through 2026-01-27)
[19:38:46]   Tests page 189: 50 (total: 9450, through 2026-01-28)
[19:38:46]   Tests page 190: 50 (total: 9500, through 2026-01-28)
[19:38:46]   Tests page 191: 50 (total: 9550, through 2026-01-29)
[19:38:47]   Tests page 192: 50 (total: 9600, through 2026-01-30)
[19:38:47]   Tests page 193: 50 (total: 9650, through 2026-01-30)
[19:38:47]   Tests page 194: 50 (total: 9700, through 2026-01-31)
[19:38:47]   Tests page 195: 50 (total: 9750, through 2026-02-02)
[19:38:48]   Tests page 196: 50 (total: 9800, through 2026-02-03)
[19:38:48]   Tests page 197: 50 (total: 9850, through 2026-02-03)
[19:38:48]   Tests page 198: 50 (total: 9900, through 2026-02-04)
[19:38:48]   Tests page 199: 50 (total: 9950, through 2026-02-04)
[19:38:49]   Tests page 200: 50 (total: 10000, through 2026-02-05)
[19:38:49]   Tests page 201: 50 (total: 10050, through 2026-02-06)
[19:38:49]   Tests page 202: 50 (total: 10100, through 2026-02-06)
[19:38:49]   Tests page 203: 50 (total: 10150, through 2026-02-09)
[19:38:49]   Tests page 204: 50 (total: 10200, through 2026-02-10)
[19:38:50]   Tests page 205: 50 (total: 10250, through 2026-02-10)
[19:38:50]   Tests page 206: 50 (total: 10300, through 2026-02-11)
[19:38:50]   Tests page 207: 50 (total: 10350, through 2026-02-12)
[19:38:50]   Tests page 208: 50 (total: 10400, through 2026-02-12)
[19:38:51]   Tests page 209: 50 (total: 10450, through 2026-02-13)
[19:38:51]   Tests page 210: 50 (total: 10500, through 2026-02-14)
[19:38:51]   Tests page 211: 50 (total: 10550, through 2026-02-17)
[19:38:51]   Tests page 212: 50 (total: 10600, through 2026-02-18)
[19:38:51]   Tests page 213: 50 (total: 10650, through 2026-02-19)
[19:38:52]   Tests page 214: 50 (total: 10700, through 2026-02-20)
[19:38:52]   Tests page 215: 50 (total: 10750, through 2026-02-24)
[19:38:52]   Tests page 216: 50 (total: 10800, through 2026-02-25)
[19:38:52]   Tests page 217: 50 (total: 10850, through 2026-02-26)
[19:38:53]   Tests page 218: 50 (total: 10900, through 2026-02-26)
[19:38:53]   Tests page 219: 50 (total: 10950, through 2026-02-27)
[19:38:53]   Tests page 220: 50 (total: 11000, through 2026-02-28)
[19:38:53]   Tests page 221: 50 (total: 11050, through 2026-03-02)
[19:38:53]   Tests page 222: 50 (total: 11100, through 2026-03-03)
[19:38:54]   Tests page 223: 50 (total: 11150, through 2026-03-03)
[19:38:54]   Tests page 224: 50 (total: 11200, through 2026-03-04)
[19:38:54]   Tests page 225: 50 (total: 11250, through 2026-03-05)
[19:38:54]   Tests page 226: 50 (total: 11300, through 2026-03-06)
[19:38:55]   Tests page 227: 50 (total: 11350, through 2026-03-09)
[19:38:55]   Tests page 228: 50 (total: 11400, through 2026-03-10)
[19:38:55]   Tests page 229: 50 (total: 11450, through 2026-03-13)
[19:38:55]   Tests page 230: 50 (total: 11500, through 2026-03-13)
[19:38:55]   Tests page 231: 50 (total: 11550, through 2026-03-14)
[19:38:56]   Tests page 232: 50 (total: 11600, through 2026-03-16)
[19:38:56]   Tests page 233: 50 (total: 11650, through 2026-03-18)
[19:38:56]   Tests page 234: 50 (total: 11700, through 2026-03-19)
[19:38:56]   Tests page 235: 50 (total: 11750, through 2026-03-20)
[19:38:57]   Tests page 236: 50 (total: 11800, through 2026-03-23)
[19:38:57]   Tests page 237: 50 (total: 11850, through 2026-03-24)
[19:38:57]   Tests page 238: 50 (total: 11900, through 2026-03-26)
[19:38:57]   Tests page 239: 50 (total: 11950, through 2026-03-28)
[19:38:57]   Tests page 240: 50 (total: 12000, through 2026-03-31)
[19:38:58]   Tests page 241: 50 (total: 12050, through 2026-04-02)
[19:38:58]   Tests page 242: 50 (total: 12100, through 2026-04-03)
[19:38:58]   Tests page 243: 50 (total: 12150, through 2026-04-06)
[19:38:58]   Tests page 244: 50 (total: 12200, through 2026-04-08)
[19:38:59]   Tests page 245: 50 (total: 12250, through 2026-04-10)
[19:38:59]   Tests page 246: 50 (total: 12300, through 2026-04-13)
[19:38:59]   Tests page 247: 50 (total: 12350, through 2026-04-14)
[19:38:59]   Tests page 248: 50 (total: 12400, through 2026-04-16)
[19:38:59]   Tests page 249: 50 (total: 12450, through 2026-04-18)
[19:39:00]   Tests page 250: 50 (total: 12500, through 2026-04-21)
[19:39:00]   Tests page 251: 50 (total: 12550, through 2026-04-23)
[19:39:00]   Tests page 252: 50 (total: 12600, through 2026-04-25)
[19:39:00]   Tests page 253: 50 (total: 12650, through 2026-04-27)
[19:39:01]   Tests page 254: 50 (total: 12700, through 2026-04-29)
[19:39:01]   Tests page 255: 50 (total: 12750, through 2026-04-30)
[19:39:01]   Tests page 256: 50 (total: 12800, through 2026-05-04)
[19:39:01]   Tests page 257: 50 (total: 12850, through 2026-05-06)
[19:39:02]   Tests page 258: 50 (total: 12900, through 2026-05-07)
[19:39:02]   Tests page 259: 50 (total: 12950, through 2026-05-09)
[19:39:02]   Tests page 260: 50 (total: 13000, through 2026-05-12)
[19:39:02]   Tests page 261: 50 (total: 13050, through 2026-05-13)
[19:39:02]   Tests page 262: 50 (total: 13100, through 2026-05-15)
[19:39:03]   Tests page 263: 50 (total: 13150, through 2026-05-18)
[19:39:03]   Tests page 264: 50 (total: 13200, through 2026-05-18)
[19:39:03]   Tests page 265: 50 (total: 13250, through 2026-05-20)
[19:39:03]   Tests page 266: 50 (total: 13300, through 2026-05-21)
[19:39:04]   Tests page 267: 50 (total: 13350, through 2026-05-22)
[19:39:04]   Tests page 268: 50 (total: 13400, through 2026-05-23)
[19:39:04]   Tests page 269: 50 (total: 13450, through 2026-05-26)
[19:39:04]   Tests page 270: 50 (total: 13500, through 2026-05-27)
[19:39:04]   Tests page 271: 50 (total: 13550, through 2026-05-27)
[19:39:05]   Tests page 272: 50 (total: 13600, through 2026-05-28)
[19:39:05]   Tests page 273: 50 (total: 13650, through 2026-05-29)
[19:39:05]   Tests page 274: 50 (total: 13700, through 2026-05-30)
[19:39:05]   Tests page 275: 50 (total: 13750, through 2026-06-01)
[19:39:05]   Tests page 276: 50 (total: 13800, through 2026-06-02)
[19:39:06]   Tests page 277: 50 (total: 13850, through 2026-06-02)
[19:39:06]   Tests page 278: 50 (total: 13900, through 2026-06-03)
[19:39:06]   Tests page 279: 50 (total: 13950, through 2026-06-04)
[19:39:06]   Tests page 280: 50 (total: 14000, through 2026-06-05)
[19:39:07]   Tests page 281: 50 (total: 14050, through 2026-06-08)
[19:39:07]   Tests page 282: 50 (total: 14100, through 2026-06-08)
[19:39:07]   Tests page 283: 50 (total: 14150, through 2026-06-09)
[19:39:07]   Tests page 284: 50 (total: 14200, through 2026-06-10)
[19:39:07]   Tests page 285: 50 (total: 14250, through 2026-06-11)
[19:39:08]   Tests page 286: 50 (total: 14300, through 2026-06-11)
[19:39:08]   Tests page 287: 50 (total: 14350, through 2026-06-12)
[19:39:08]   Tests page 288: 50 (total: 14400, through 2026-06-13)
[19:39:08]   Tests page 289: 50 (total: 14450, through 2026-06-15)
[19:39:08]   Tests page 290: 50 (total: 14500, through 2026-06-16)
[19:39:09]   Tests page 291: 50 (total: 14550, through 2026-06-16)
[19:39:09]   Tests page 292: 50 (total: 14600, through 2026-06-17)
[19:39:09]   Tests page 293: 50 (total: 14650, through 2026-06-18)
[19:39:09]   Tests page 294: 50 (total: 14700, through 2026-06-18)
[19:39:10]   Tests page 295: 50 (total: 14750, through 2026-06-19)
[19:39:10]   Tests page 296: 50 (total: 14800, through 2026-06-20)
[19:39:10]   Tests page 297: 50 (total: 14850, through 2026-06-22)
[19:39:10]   Tests page 298: 50 (total: 14900, through 2026-06-22)
[19:39:10]   Tests page 299: 50 (total: 14950, through 2026-06-23)
[19:39:11]   Tests page 300: 50 (total: 15000, through 2026-06-24)
[19:39:11]   Tests page 301: 50 (total: 15050, through 2026-06-24)
[19:39:11]   Tests page 302: 50 (total: 15100, through 2026-06-25)
[19:39:11]   Tests page 303: 50 (total: 15150, through 2026-06-26)
[19:39:11]   Tests page 304: 50 (total: 15200, through 2026-06-27)
[19:39:12]   Tests page 305: 50 (total: 15250, through 2026-06-29)
[19:39:12]   Tests page 306: 50 (total: 15300, through 2026-06-29)
[19:39:12]   Tests page 307: 50 (total: 15350, through 2026-06-30)
[19:39:12]   Tests page 308: 50 (total: 15400, through 2026-06-30)
[19:39:12]   Tests page 309: 50 (total: 15450, through 2026-07-01)
[19:39:13]   Tests page 310: 50 (total: 15500, through 2026-07-01)
[19:39:13]   Tests page 311: 50 (total: 15550, through 2026-07-02)
[19:39:13]   Tests page 312: 50 (total: 15600, through 2026-07-03)
[19:39:13]   Tests page 313: 50 (total: 15650, through 2026-07-06)
[19:39:14]   Tests page 314: 50 (total: 15700, through 2026-07-06)
[19:39:14]   Tests page 315: 50 (total: 15750, through 2026-07-06)
[19:39:14]   Tests page 316: 50 (total: 15800, through 2026-07-07)
[19:39:14]   Tests page 317: 50 (total: 15850, through 2026-07-07)
[19:39:14]   Tests page 318: 50 (total: 15900, through 2026-07-08)
[19:39:15]   Tests page 319: 50 (total: 15950, through 2026-07-09)
[19:39:15]   Tests page 320: 50 (total: 16000, through 2026-07-09)
[19:39:15]   Tests page 321: 50 (total: 16050, through 2026-07-10)
[19:39:15]   Tests page 322: 50 (total: 16100, through 2026-07-11)
[19:39:15]   Tests page 323: 50 (total: 16150, through 2026-07-13)
[19:39:16]   Tests page 324: 50 (total: 16200, through 2026-07-14)
[19:39:16]   Tests page 325: 50 (total: 16250, through 2026-07-14)
[19:39:16]   Tests page 326: 50 (total: 16300, through 2026-07-15)
[19:39:16]   Tests page 327: 50 (total: 16350, through 2026-07-16)
[19:39:17]   Tests page 328: 50 (total: 16400, through 2026-07-16)
[19:39:17]   Tests page 329: 50 (total: 16450, through 2026-07-17)
[19:39:17]   Tests page 330: 50 (total: 16500, through 2026-07-20)
[19:39:17]   Tests page 331: 50 (total: 16550, through 2026-07-20)
[19:39:17]   Tests page 332: 50 (total: 16600, through 2026-07-21)
[19:39:18]   Tests page 333: 50 (total: 16650, through 2026-07-21)
[19:39:18]   Tests page 334: 50 (total: 16700, through 2026-07-22)
[19:39:18]   Tests page 335: 50 (total: 16750, through 2026-07-23)
[19:39:18]   Tests page 336: 50 (total: 16800, through 2026-07-23)
[19:39:18]   Tests page 337: 50 (total: 16850, through 2026-07-24)
[19:39:19]   Tests page 338: 50 (total: 16900, through 2026-07-25)
[19:39:19]   Tests page 339: 50 (total: 16950, through 2026-07-27)
[19:39:19]   Tests page 340: 50 (total: 17000, through 2026-07-28)
[19:39:19]   Tests page 341: 50 (total: 17050, through 2026-07-28)
[19:39:19]   Tests page 342: 50 (total: 17100, through 2026-07-29)
[19:39:20]   Tests page 343: 50 (total: 17150, through 2026-07-29)
[19:39:20]   Tests page 344: 50 (total: 17200, through 2026-07-30)
[19:39:20]   Tests page 345: 50 (total: 17250, through 2026-07-30)
[19:39:20]   Tests page 346: 50 (total: 17300, through 2026-07-31)
[19:39:20]   Tests page 347: 50 (total: 17350, through 2026-07-31)
[19:39:21]   Tests page 348: 38 (total: 17388, through 2026-08-01)
[19:39:21] Total tests: 17388
[19:39:21] HJ tests: 7968 of 17388 total
[19:39:53]   trials 250/7968
[19:40:33]   trials 500/7968
[19:41:07]   trials 750/7968
[19:41:45]   trials 1000/7968
[19:42:22]   trials 1250/7968
[19:43:02]   trials 1500/7968
Traceback (most recent call last):
  File "/home/runner/work/rpm-portal/rpm-portal/vald_sync.py", line 833, in <module>
    main()
  File "/home/runner/work/rpm-portal/rpm-portal/vald_sync.py", line 703, in main
    return refresh_hop()
           ^^^^^^^^^^^^^
  File "/home/runner/work/rpm-portal/rpm-portal/vald_sync.py", line 496, in refresh_hop
    trials_by_test = fetch_all_trials_parallel(token, hj)
                     ^^^^^^^^^^^^^^^^^^^^^^^^^^^^^^^^^^^^
  File "/home/runner/work/rpm-portal/rpm-portal/vald_sync.py", line 320, in fetch_all_trials_parallel
    out[futs[f]] = f.result()  # re-raises any worker exception
                   ^^^^^^^^^^
  File "/opt/hostedtoolcache/Python/3.11.15/x64/lib/python3.11/concurrent/futures/_base.py", line 449, in result
    return self.__get_result()
           ^^^^^^^^^^^^^^^^^^^
  File "/opt/hostedtoolcache/Python/3.11.15/x64/lib/python3.11/concurrent/futures/_base.py", line 401, in __get_result
    raise self._exception
  File "/opt/hostedtoolcache/Python/3.11.15/x64/lib/python3.11/concurrent/futures/thread.py", line 58, in run
    result = self.fn(*self.args, **self.kwargs)
             ^^^^^^^^^^^^^^^^^^^^^^^^^^^^^^^^^^
  File "/home/runner/work/rpm-portal/rpm-portal/vald_sync.py", line 306, in fetch_trials_strict
    raise RuntimeError(f"trials fetch: 429 budget exhausted for {test_id}")
RuntimeError: trials fetch: 429 budget exhausted for 96c15588-7e2d-4df9-a4d4-1cb831cd1272
